2026-04-30 01:57:07,607 DEBUG cd task-manger && uv venv env --seed --python python3
2026-04-30 01:57:12,790 LOG Getting frappe
2026-04-30 01:57:12,790 DEBUG cd task-manger/apps && git clone https://github.com/frappe/frappe.git --branch version-15 --depth 1 --origin upstream
2026-04-30 01:57:44,317 LOG Installing frappe
2026-04-30 01:57:44,319 DEBUG cd /home/mahmoudtawfeek/task-manger && uv pip install --quiet --upgrade -e /home/mahmoudtawfeek/task-manger/apps/frappe  --python /home/mahmoudtawfeek/task-manger/env/bin/python
2026-04-30 01:57:54,122 DEBUG cd /home/mahmoudtawfeek/task-manger/apps/frappe && yarn install --check-files
2026-04-30 02:03:27,226 DEBUG cd task-manger && bench build
2026-04-30 02:03:31,448 INFO /home/mahmoudtawfeek/.local/bin/bench build
2026-04-30 02:15:20,203 LOG setting up backups
2026-04-30 02:15:25,337 LOG backups were set up
2026-04-30 02:15:25,363 INFO Bench task-manger initialized
2026-04-30 02:26:50,905 INFO /home/mahmoudtawfeek/.local/bin/bench new-site task.local
2026-04-30 02:35:40,570 INFO /home/mahmoudtawfeek/.local/bin/bench get-app erpnext --branch version15
2026-04-30 02:35:50,889 WARNING /home/mahmoudtawfeek/.local/bin/bench get-app erpnext --branch version15 executed with exit code 1
2026-04-30 02:52:52,612 INFO /home/mahmoudtawfeek/.local/bin/bench get-app erpnext --branch version15
2026-04-30 02:52:54,075 LOG Getting erpnext
2026-04-30 02:52:54,075 DEBUG cd ./apps && git clone https://github.com/frappe/erpnext.git --branch version15 --depth 1 --origin upstream
2026-04-30 02:53:02,248 WARNING cd ./apps && git clone https://github.com/frappe/erpnext.git --branch version15 --depth 1 --origin upstream executed with exit code 128
2026-04-30 02:53:02,248 WARNING /home/mahmoudtawfeek/.local/bin/bench get-app erpnext --branch version15 executed with exit code 1
2026-04-30 02:54:13,510 INFO /home/mahmoudtawfeek/.local/bin/bench get-app erpnext --branch version-15
2026-04-30 02:54:14,607 LOG Getting erpnext
2026-04-30 02:54:14,607 DEBUG cd ./apps && git clone https://github.com/frappe/erpnext.git --branch version-15 --depth 1 --origin upstream
2026-04-30 02:54:57,618 LOG Installing erpnext
2026-04-30 02:54:57,619 DEBUG cd /home/mahmoudtawfeek/task-manger && uv pip install --quiet --upgrade -e /home/mahmoudtawfeek/task-manger/apps/erpnext  --python /home/mahmoudtawfeek/task-manger/env/bin/python
2026-04-30 02:55:53,904 DEBUG cd /home/mahmoudtawfeek/task-manger/apps/erpnext && yarn install --check-files
2026-04-30 02:56:02,942 DEBUG bench build --app erpnext
2026-04-30 02:56:03,127 INFO /home/mahmoudtawfeek/.local/bin/bench build --app erpnext
2026-04-30 03:03:40,328 INFO /home/mahmoudtawfeek/.local/bin/bench --site task.local install-app erpnext
2026-04-30 03:11:55,977 INFO /home/mahmoudtawfeek/.local/bin/bench start
2026-04-30 03:11:57,867 INFO /home/mahmoudtawfeek/.local/bin/bench watch
2026-04-30 03:11:57,885 INFO /home/mahmoudtawfeek/.local/bin/bench schedule
2026-04-30 03:11:58,004 INFO /home/mahmoudtawfeek/.local/bin/bench serve --port 8000
2026-04-30 03:11:58,034 INFO /home/mahmoudtawfeek/.local/bin/bench worker
2026-04-30 03:42:26,754 INFO /home/mahmoudtawfeek/.local/bin/bench start --port 8000 --host 0.0.0.0
2026-04-30 03:42:27,817 WARNING /home/mahmoudtawfeek/.local/bin/bench start --port 8000 --host 0.0.0.0 executed with exit code 2
2026-04-30 03:46:17,276 INFO /home/mahmoudtawfeek/.local/bin/bench start
2026-04-30 03:46:21,362 INFO /home/mahmoudtawfeek/.local/bin/bench worker
2026-04-30 03:46:21,416 INFO /home/mahmoudtawfeek/.local/bin/bench watch
2026-04-30 03:46:21,416 INFO /home/mahmoudtawfeek/.local/bin/bench serve --port 8000
2026-04-30 03:46:21,479 INFO /home/mahmoudtawfeek/.local/bin/bench schedule
2026-04-30 04:09:31,833 INFO /home/mahmoudtawfeek/.local/bin/bench use task.local
2026-04-30 04:10:57,282 INFO /home/mahmoudtawfeek/.local/bin/bench start
2026-04-30 04:11:00,577 INFO /home/mahmoudtawfeek/.local/bin/bench worker
2026-04-30 04:11:00,788 INFO /home/mahmoudtawfeek/.local/bin/bench schedule
2026-04-30 04:11:00,905 INFO /home/mahmoudtawfeek/.local/bin/bench serve --port 8000
2026-04-30 04:11:00,926 INFO /home/mahmoudtawfeek/.local/bin/bench watch
2026-04-30 13:48:06,669 INFO /home/mahmoudtawfeek/.local/bin/bench start
2026-04-30 13:48:15,458 INFO /home/mahmoudtawfeek/.local/bin/bench serve --port 8000
2026-04-30 13:48:15,536 INFO /home/mahmoudtawfeek/.local/bin/bench watch
2026-04-30 13:48:15,548 INFO /home/mahmoudtawfeek/.local/bin/bench worker
2026-04-30 13:48:15,849 INFO /home/mahmoudtawfeek/.local/bin/bench schedule
2026-04-30 13:55:31,274 INFO /home/mahmoudtawfeek/.local/bin/bench new-app task_manager
2026-04-30 13:55:31,403 LOG creating new app task_manager
2026-04-30 13:59:09,559 LOG Installing task_manager
2026-04-30 13:59:09,562 DEBUG cd /home/mahmoudtawfeek/task-manger && uv pip install --quiet --upgrade -e /home/mahmoudtawfeek/task-manger/apps/task_manager  --python /home/mahmoudtawfeek/task-manger/env/bin/python
2026-04-30 13:59:25,143 DEBUG bench build --app task_manager
2026-04-30 13:59:25,360 INFO /home/mahmoudtawfeek/.local/bin/bench build --app task_manager
2026-04-30 14:01:53,883 INFO /home/mahmoudtawfeek/.local/bin/bench --site task.local install-app task_manager
2026-05-01 00:09:04,778 INFO /home/mahmoudtawfeek/.local/bin/bench start
2026-05-01 00:09:19,354 INFO /home/mahmoudtawfeek/.local/bin/bench serve --port 8000
2026-05-01 00:09:19,365 INFO /home/mahmoudtawfeek/.local/bin/bench watch
2026-05-01 00:09:19,806 INFO /home/mahmoudtawfeek/.local/bin/bench schedule
2026-05-01 00:09:20,368 INFO /home/mahmoudtawfeek/.local/bin/bench worker
