2026-05-08 06:57:15,088 ERROR scheduler Skipped queueing erpnext.support.doctype.service_level_agreement.service_level_agreement.check_agreement_status because it was found in queue for task.local
2026-05-08 06:57:15,095 ERROR scheduler Skipped queueing frappe.integrations.doctype.google_drive.google_drive.daily_backup because it was found in queue for task.local
2026-05-08 06:57:15,099 ERROR scheduler Skipped queueing frappe.oauth.delete_oauth2_data because it was found in queue for task.local
2026-05-08 06:57:15,106 ERROR scheduler Skipped queueing frappe.integrations.doctype.s3_backup_settings.s3_backup_settings.take_backups_daily because it was found in queue for task.local
2026-05-08 06:57:15,123 ERROR scheduler Skipped queueing erpnext.manufacturing.doctype.bom_update_tool.bom_update_tool.auto_update_latest_price_in_all_boms because it was found in queue for task.local
2026-05-08 06:57:15,185 ERROR scheduler Skipped queueing frappe.core.doctype.prepared_report.prepared_report.expire_stalled_report because it was found in queue for task.local
2026-05-08 06:57:15,202 ERROR scheduler Skipped queueing erpnext.quality_management.doctype.quality_review.quality_review.review because it was found in queue for task.local
2026-05-08 06:57:15,212 ERROR scheduler Skipped queueing erpnext.assets.doctype.asset.asset.update_maintenance_status because it was found in queue for task.local
2026-05-10 18:14:23,601 ERROR scheduler Skipped queueing frappe.website.doctype.personal_data_deletion_request.personal_data_deletion_request.remove_unverified_record because it was found in queue for task.local
2026-05-10 18:14:23,612 ERROR scheduler Skipped queueing frappe.model.utils.user_settings.sync_user_settings because it was found in queue for task.local
2026-05-10 18:14:23,619 ERROR scheduler Skipped queueing frappe.website.doctype.web_page.web_page.check_publish_status because it was found in queue for task.local
2026-05-10 18:14:23,631 ERROR scheduler Skipped queueing erpnext.accounts.doctype.process_subscription.process_subscription.create_subscription_process because it was found in queue for task.local
2026-05-10 18:14:23,639 ERROR scheduler Skipped queueing erpnext.support.doctype.service_level_agreement.service_level_agreement.check_agreement_status because it was found in queue for task.local
2026-05-10 18:14:23,642 ERROR scheduler Skipped queueing frappe.core.doctype.prepared_report.prepared_report.expire_stalled_report because it was found in queue for task.local
2026-05-10 18:14:23,645 ERROR scheduler Skipped queueing erpnext.assets.doctype.asset_maintenance_log.asset_maintenance_log.update_asset_maintenance_log_status because it was found in queue for task.local
2026-05-10 18:14:23,648 ERROR scheduler Skipped queueing erpnext.stock.doctype.repost_item_valuation.repost_item_valuation.repost_entries because it was found in queue for task.local
2026-05-10 18:14:23,653 ERROR scheduler Skipped queueing frappe.sessions.clear_expired_sessions because it was found in queue for task.local
2026-05-10 18:14:23,656 ERROR scheduler Skipped queueing erpnext.buying.doctype.supplier_scorecard.supplier_scorecard.refresh_scorecards because it was found in queue for task.local
2026-05-10 18:14:23,659 ERROR scheduler Skipped queueing erpnext.crm.doctype.contract.contract.update_status_for_contracts because it was found in queue for task.local
2026-05-10 18:14:23,662 ERROR scheduler Skipped queueing frappe.integrations.doctype.google_drive.google_drive.weekly_backup because it was found in queue for task.local
2026-05-10 18:14:23,669 ERROR scheduler Skipped queueing erpnext.crm.doctype.opportunity.opportunity.auto_close_opportunity because it was found in queue for task.local
2026-05-10 18:14:23,673 ERROR scheduler Skipped queueing frappe.core.doctype.user_invitation.user_invitation.mark_expired_invitations because it was found in queue for task.local
2026-05-10 18:14:23,681 ERROR scheduler Skipped queueing frappe.automation.doctype.auto_repeat.auto_repeat.make_auto_repeat_entry because it was found in queue for task.local
2026-05-10 18:14:23,684 ERROR scheduler Skipped queueing erpnext.projects.doctype.task.task.set_tasks_as_overdue because it was found in queue for task.local
2026-05-10 18:14:23,687 ERROR scheduler Skipped queueing erpnext.assets.doctype.asset.depreciation.post_depreciation_entries because it was found in queue for task.local
2026-05-10 18:14:23,690 ERROR scheduler Skipped queueing erpnext.utilities.doctype.video.video.update_youtube_data because it was found in queue for task.local
2026-05-10 18:14:23,693 ERROR scheduler Skipped queueing frappe.desk.doctype.changelog_feed.changelog_feed.fetch_changelog_feed because it was found in queue for task.local
2026-05-10 18:14:23,696 ERROR scheduler Skipped queueing erpnext.selling.doctype.quotation.quotation.set_expired_status because it was found in queue for task.local
2026-05-10 18:14:23,700 ERROR scheduler Skipped queueing frappe.integrations.doctype.dropbox_settings.dropbox_settings.take_backups_daily because it was found in queue for task.local
2026-05-10 18:14:23,715 ERROR scheduler Skipped queueing erpnext.buying.doctype.supplier_quotation.supplier_quotation.set_expired_status because it was found in queue for task.local
2026-05-10 18:14:23,717 ERROR scheduler Skipped queueing frappe.desk.notifications.clear_notifications because it was found in queue for task.local
2026-05-10 18:14:23,720 ERROR scheduler Skipped queueing frappe.desk.form.document_follow.send_hourly_updates because it was found in queue for task.local
2026-05-10 18:14:23,724 ERROR scheduler Skipped queueing frappe.integrations.doctype.s3_backup_settings.s3_backup_settings.take_backups_weekly because it was found in queue for task.local
2026-05-10 18:14:23,730 ERROR scheduler Skipped queueing erpnext.accounts.utils.auto_create_exchange_rate_revaluation_daily because it was found in queue for task.local
2026-05-10 18:14:23,732 ERROR scheduler Skipped queueing erpnext.manufacturing.doctype.bom_update_tool.bom_update_tool.auto_update_latest_price_in_all_boms because it was found in queue for task.local
2026-05-10 18:14:23,737 ERROR scheduler Skipped queueing frappe.social.doctype.energy_point_settings.energy_point_settings.allocate_review_points because it was found in queue for task.local
2026-05-10 18:14:23,740 ERROR scheduler Skipped queueing frappe.email.doctype.auto_email_report.auto_email_report.send_daily because it was found in queue for task.local
2026-05-10 18:14:23,743 ERROR scheduler Skipped queueing erpnext.controllers.accounts_controller.update_invoice_status because it was found in queue for task.local
2026-05-10 18:14:23,746 ERROR scheduler Skipped queueing frappe.utils.change_log.check_for_update because it was found in queue for task.local
2026-05-10 18:14:23,753 ERROR scheduler Skipped queueing erpnext.crm.doctype.email_campaign.email_campaign.set_email_campaign_status because it was found in queue for task.local
2026-05-10 18:14:23,776 ERROR scheduler Skipped queueing erpnext.support.doctype.issue.issue.auto_close_tickets because it was found in queue for task.local
2026-05-10 18:14:23,781 ERROR scheduler Skipped queueing erpnext.assets.doctype.asset.asset.make_post_gl_entry because it was found in queue for task.local
2026-05-10 18:14:23,787 ERROR scheduler Skipped queueing erpnext.crm.doctype.email_campaign.email_campaign.send_email_to_leads_or_contacts because it was found in queue for task.local
2026-05-10 18:14:23,790 ERROR scheduler Skipped queueing erpnext.accounts.doctype.process_statement_of_accounts.process_statement_of_accounts.send_auto_email because it was found in queue for task.local
2026-05-10 18:14:23,793 ERROR scheduler Skipped queueing erpnext.assets.doctype.asset.asset.update_maintenance_status because it was found in queue for task.local
2026-05-10 18:14:23,795 ERROR scheduler Skipped queueing erpnext.projects.doctype.project.project.collect_project_status because it was found in queue for task.local
2026-05-10 18:14:23,798 ERROR scheduler Skipped queueing erpnext.utilities.bulk_transaction.retry because it was found in queue for task.local
2026-05-10 18:14:23,801 ERROR scheduler Skipped queueing frappe.integrations.doctype.google_contacts.google_contacts.sync because it was found in queue for task.local
2026-05-10 18:14:23,805 ERROR scheduler Skipped queueing erpnext.accounts.utils.run_ledger_health_checks because it was found in queue for task.local
2026-05-10 18:14:23,808 ERROR scheduler Skipped queueing erpnext.accounts.doctype.fiscal_year.fiscal_year.auto_create_fiscal_year because it was found in queue for task.local
2026-05-10 18:14:23,814 ERROR scheduler Skipped queueing frappe.integrations.doctype.s3_backup_settings.s3_backup_settings.take_backups_daily because it was found in queue for task.local
2026-05-10 18:14:23,822 ERROR scheduler Skipped queueing frappe.twofactor.delete_all_barcodes_for_users because it was found in queue for task.local
2026-05-10 18:15:24,035 ERROR scheduler Skipped queueing erpnext.assets.doctype.asset.asset.update_maintenance_status because it was found in queue for task.local
2026-05-10 20:54:34,494 ERROR scheduler Exception in Enqueue Events for Site task.local
Traceback (most recent call last):
  File "/home/mahmoudtawfeek/task-manger/env/lib/python3.12/site-packages/pymysql/connections.py", line 649, in connect
    sock = socket.create_connection(
           ^^^^^^^^^^^^^^^^^^^^^^^^^
  File "/usr/lib/python3.12/socket.py", line 852, in create_connection
    raise exceptions[0]
  File "/usr/lib/python3.12/socket.py", line 837, in create_connection
    sock.connect(sa)
ConnectionRefusedError: [Errno 111] Connection refused

During handling of the above exception, another exception occurred:

Traceback (most recent call last):
  File "/home/mahmoudtawfeek/task-manger/apps/frappe/frappe/utils/scheduler.py", line 99, in enqueue_events_for_site
    if is_scheduler_inactive():
       ^^^^^^^^^^^^^^^^^^^^^^^
  File "/home/mahmoudtawfeek/task-manger/apps/frappe/frappe/utils/scheduler.py", line 143, in is_scheduler_inactive
    if is_scheduler_disabled(verbose=verbose):
       ^^^^^^^^^^^^^^^^^^^^^^^^^^^^^^^^^^^^^^
  File "/home/mahmoudtawfeek/task-manger/apps/frappe/frappe/utils/scheduler.py", line 156, in is_scheduler_disabled
    frappe.db.get_single_value("System Settings", "enable_scheduler")
  File "/home/mahmoudtawfeek/task-manger/apps/frappe/frappe/database/database.py", line 842, in get_single_value
    ).run()
      ^^^^^
  File "/home/mahmoudtawfeek/task-manger/apps/frappe/frappe/query_builder/utils.py", line 87, in execute_query
    result = frappe.db.sql(query, params, *args, **kwargs)  # nosemgrep
             ^^^^^^^^^^^^^^^^^^^^^^^^^^^^^^^^^^^^^^^^^^^^^
  File "/home/mahmoudtawfeek/task-manger/apps/frappe/frappe/database/database.py", line 207, in sql
    self.connect()
  File "/home/mahmoudtawfeek/task-manger/apps/frappe/frappe/database/database.py", line 112, in connect
    self._conn: MariadbConnection | PostgresConnection = self.get_connection()
                                                         ^^^^^^^^^^^^^^^^^^^^^
  File "/home/mahmoudtawfeek/task-manger/apps/frappe/frappe/database/mariadb/database.py", line 108, in get_connection
    conn = self._get_connection()
           ^^^^^^^^^^^^^^^^^^^^^^
  File "/home/mahmoudtawfeek/task-manger/apps/frappe/frappe/database/mariadb/database.py", line 114, in _get_connection
    return self.create_connection()
           ^^^^^^^^^^^^^^^^^^^^^^^^
  File "/home/mahmoudtawfeek/task-manger/apps/frappe/frappe/database/mariadb/database.py", line 117, in create_connection
    return pymysql.connect(**self.get_connection_settings())
           ^^^^^^^^^^^^^^^^^^^^^^^^^^^^^^^^^^^^^^^^^^^^^^^^^
  File "/home/mahmoudtawfeek/task-manger/env/lib/python3.12/site-packages/pymysql/connections.py", line 361, in __init__
    self.connect()
  File "/home/mahmoudtawfeek/task-manger/env/lib/python3.12/site-packages/pymysql/connections.py", line 716, in connect
    raise exc
pymysql.err.OperationalError: (2003, "Can't connect to MySQL server on '127.0.0.1' ([Errno 111] Connection refused)")
2026-05-10 20:58:23,835 ERROR scheduler Skipped queueing erpnext.erpnext_integrations.doctype.plaid_settings.plaid_settings.automatic_synchronization because it was found in queue for task.local
2026-05-10 20:58:23,859 ERROR scheduler Skipped queueing frappe.oauth.delete_oauth2_data because it was found in queue for task.local
2026-05-10 20:58:23,880 ERROR scheduler Skipped queueing erpnext.projects.doctype.project.project.project_status_update_reminder because it was found in queue for task.local
2026-05-10 20:58:23,925 ERROR scheduler Skipped queueing frappe.website.doctype.web_page.web_page.check_publish_status because it was found in queue for task.local
2026-05-10 20:58:23,950 ERROR scheduler Skipped queueing erpnext.utilities.doctype.video.video.update_youtube_data because it was found in queue for task.local
2026-05-10 20:58:23,970 ERROR scheduler Skipped queueing frappe.core.doctype.prepared_report.prepared_report.expire_stalled_report because it was found in queue for task.local
2026-05-10 20:58:23,977 ERROR scheduler Skipped queueing frappe.twofactor.delete_all_barcodes_for_users because it was found in queue for task.local
2026-05-10 20:58:23,987 ERROR scheduler Skipped queueing frappe.desk.utils.delete_old_exported_report_files because it was found in queue for task.local
2026-05-10 20:58:23,997 ERROR scheduler Skipped queueing erpnext.utilities.bulk_transaction.retry because it was found in queue for task.local
2026-05-10 20:58:24,003 ERROR scheduler Skipped queueing erpnext.stock.doctype.repost_item_valuation.repost_item_valuation.repost_entries because it was found in queue for task.local
2026-05-11 01:02:50,183 ERROR scheduler Skipped queueing frappe.oauth.delete_oauth2_data because it was found in queue for task.local
2026-05-11 01:02:50,241 ERROR scheduler Skipped queueing frappe.deferred_insert.save_to_db because it was found in queue for task.local
2026-05-11 01:02:50,245 ERROR scheduler Skipped queueing frappe.email.doctype.newsletter.newsletter.send_scheduled_email because it was found in queue for task.local
2026-05-11 01:02:50,248 ERROR scheduler Skipped queueing frappe.email.doctype.email_account.email_account.pull because it was found in queue for task.local
2026-05-11 01:02:50,257 ERROR scheduler Skipped queueing frappe.website.doctype.web_page.web_page.check_publish_status because it was found in queue for task.local
2026-05-11 01:02:50,266 ERROR scheduler Skipped queueing frappe.model.utils.link_count.update_link_count because it was found in queue for task.local
2026-05-11 01:02:50,273 ERROR scheduler Skipped queueing erpnext.erpnext_integrations.doctype.plaid_settings.plaid_settings.automatic_synchronization because it was found in queue for task.local
2026-05-11 01:02:50,284 ERROR scheduler Skipped queueing frappe.automation.doctype.reminder.reminder.send_reminders because it was found in queue for task.local
2026-05-11 01:02:50,315 ERROR scheduler Skipped queueing erpnext.projects.doctype.project.project.project_status_update_reminder because it was found in queue for task.local
2026-05-11 01:02:50,326 ERROR scheduler Skipped queueing erpnext.utilities.bulk_transaction.retry because it was found in queue for task.local
2026-05-11 01:02:50,337 ERROR scheduler Skipped queueing frappe.desk.form.document_follow.send_hourly_updates because it was found in queue for task.local
2026-05-11 01:02:50,341 ERROR scheduler Skipped queueing erpnext.projects.doctype.project.project.hourly_reminder because it was found in queue for task.local
2026-05-11 01:02:50,344 ERROR scheduler Skipped queueing erpnext.stock.doctype.repost_item_valuation.repost_item_valuation.repost_entries because it was found in queue for task.local
2026-05-11 01:02:50,353 ERROR scheduler Skipped queueing frappe.core.doctype.prepared_report.prepared_report.expire_stalled_report because it was found in queue for task.local
2026-05-11 01:02:50,359 ERROR scheduler Skipped queueing frappe.desk.utils.delete_old_exported_report_files because it was found in queue for task.local
2026-05-11 01:02:50,363 ERROR scheduler Skipped queueing frappe.website.doctype.personal_data_deletion_request.personal_data_deletion_request.process_data_deletion_request because it was found in queue for task.local
2026-05-11 01:02:50,367 ERROR scheduler Skipped queueing frappe.model.utils.user_settings.sync_user_settings because it was found in queue for task.local
2026-05-11 01:02:50,370 ERROR scheduler Skipped queueing frappe.twofactor.delete_all_barcodes_for_users because it was found in queue for task.local
2026-05-11 01:02:50,380 ERROR scheduler Skipped queueing frappe.utils.telemetry.pulse.client.send_queued_events because it was found in queue for task.local
2026-05-11 01:02:50,403 ERROR scheduler Skipped queueing frappe.desk.page.backups.backups.delete_downloadable_backups because it was found in queue for task.local
2026-05-11 01:02:50,410 ERROR scheduler Skipped queueing erpnext.utilities.doctype.video.video.update_youtube_data because it was found in queue for task.local
2026-05-11 06:51:31,899 ERROR scheduler Skipped queueing erpnext.erpnext_integrations.doctype.plaid_settings.plaid_settings.automatic_synchronization because it was found in queue for task.local
2026-05-11 06:51:32,160 ERROR scheduler Skipped queueing frappe.website.doctype.web_page.web_page.check_publish_status because it was found in queue for task.local
2026-05-11 06:51:32,165 ERROR scheduler Skipped queueing erpnext.projects.doctype.project.project.hourly_reminder because it was found in queue for task.local
2026-05-11 06:51:32,182 ERROR scheduler Skipped queueing erpnext.projects.doctype.project.project.collect_project_status because it was found in queue for task.local
2026-05-11 06:51:32,185 ERROR scheduler Skipped queueing frappe.twofactor.delete_all_barcodes_for_users because it was found in queue for task.local
2026-05-11 06:51:32,194 ERROR scheduler Skipped queueing frappe.model.utils.link_count.update_link_count because it was found in queue for task.local
2026-05-11 06:51:32,197 ERROR scheduler Skipped queueing frappe.model.utils.user_settings.sync_user_settings because it was found in queue for task.local
2026-05-11 06:51:32,200 ERROR scheduler Skipped queueing frappe.email.queue.flush because it was found in queue for task.local
2026-05-11 06:51:32,209 ERROR scheduler Skipped queueing erpnext.stock.doctype.repost_item_valuation.repost_item_valuation.repost_entries because it was found in queue for task.local
2026-05-11 06:51:32,215 ERROR scheduler Skipped queueing frappe.website.doctype.personal_data_deletion_request.personal_data_deletion_request.process_data_deletion_request because it was found in queue for task.local
2026-05-11 06:51:32,220 ERROR scheduler Skipped queueing frappe.deferred_insert.save_to_db because it was found in queue for task.local
2026-05-11 06:51:32,225 ERROR scheduler Skipped queueing frappe.desk.utils.delete_old_exported_report_files because it was found in queue for task.local
2026-05-11 06:51:32,238 ERROR scheduler Skipped queueing frappe.email.doctype.newsletter.newsletter.send_scheduled_email because it was found in queue for task.local
2026-05-11 06:51:32,242 ERROR scheduler Skipped queueing erpnext.projects.doctype.project.project.project_status_update_reminder because it was found in queue for task.local
2026-05-11 06:51:32,252 ERROR scheduler Skipped queueing erpnext.utilities.bulk_transaction.retry because it was found in queue for task.local
2026-05-11 06:51:32,259 ERROR scheduler Skipped queueing frappe.desk.page.backups.backups.delete_downloadable_backups because it was found in queue for task.local
2026-05-11 06:51:32,265 ERROR scheduler Skipped queueing frappe.monitor.flush because it was found in queue for task.local
2026-05-11 06:51:32,270 ERROR scheduler Skipped queueing frappe.core.doctype.prepared_report.prepared_report.expire_stalled_report because it was found in queue for task.local
2026-05-11 06:51:32,274 ERROR scheduler Skipped queueing erpnext.utilities.doctype.video.video.update_youtube_data because it was found in queue for task.local
2026-05-11 06:51:32,286 ERROR scheduler Skipped queueing frappe.oauth.delete_oauth2_data because it was found in queue for task.local
2026-05-11 06:51:32,292 ERROR scheduler Skipped queueing frappe.desk.form.document_follow.send_hourly_updates because it was found in queue for task.local
2026-05-11 06:51:32,301 ERROR scheduler Skipped queueing erpnext.manufacturing.doctype.bom_update_log.bom_update_log.resume_bom_cost_update_jobs because it was found in queue for task.local
2026-05-11 06:52:32,381 ERROR scheduler Skipped queueing frappe.website.doctype.personal_data_deletion_request.personal_data_deletion_request.process_data_deletion_request because it was found in queue for task.local
2026-05-11 06:52:32,386 ERROR scheduler Skipped queueing frappe.twofactor.delete_all_barcodes_for_users because it was found in queue for task.local
2026-05-11 06:52:32,398 ERROR scheduler Skipped queueing frappe.desk.form.document_follow.send_hourly_updates because it was found in queue for task.local
2026-05-11 06:52:32,411 ERROR scheduler Skipped queueing erpnext.utilities.bulk_transaction.retry because it was found in queue for task.local
2026-05-11 06:52:32,426 ERROR scheduler Skipped queueing erpnext.utilities.doctype.video.video.update_youtube_data because it was found in queue for task.local
2026-05-11 06:52:32,436 ERROR scheduler Skipped queueing frappe.model.utils.user_settings.sync_user_settings because it was found in queue for task.local
2026-05-11 06:52:32,483 ERROR scheduler Skipped queueing erpnext.projects.doctype.project.project.project_status_update_reminder because it was found in queue for task.local
2026-05-11 06:52:32,504 ERROR scheduler Skipped queueing frappe.core.doctype.prepared_report.prepared_report.expire_stalled_report because it was found in queue for task.local
2026-05-11 08:42:40,378 ERROR scheduler Skipped queueing frappe.email.queue.retry_sending_emails because it was found in queue for task.local
2026-05-11 08:42:40,422 ERROR scheduler Skipped queueing frappe.integrations.doctype.google_calendar.google_calendar.sync because it was found in queue for task.local
2026-05-11 08:42:40,630 ERROR scheduler Skipped queueing frappe.email.queue.flush because it was found in queue for task.local
2026-05-11 17:13:32,330 ERROR scheduler Skipped queueing frappe.email.queue.flush because it was found in queue for task.local
2026-05-11 17:37:53,472 ERROR scheduler Skipped queueing frappe.utils.telemetry.pulse.client.send_queued_events because it was found in queue for task.local
2026-05-11 17:37:55,168 ERROR scheduler Skipped queueing frappe.utils.global_search.sync_global_search because it was found in queue for task.local
2026-05-11 17:37:55,227 ERROR scheduler Skipped queueing frappe.automation.doctype.reminder.reminder.send_reminders because it was found in queue for task.local
2026-05-11 17:37:55,250 ERROR scheduler Skipped queueing frappe.email.doctype.email_account.email_account.pull because it was found in queue for task.local
2026-05-11 17:37:55,253 ERROR scheduler Skipped queueing erpnext.manufacturing.doctype.bom_update_log.bom_update_log.resume_bom_cost_update_jobs because it was found in queue for task.local
2026-05-11 17:37:55,265 ERROR scheduler Skipped queueing frappe.deferred_insert.save_to_db because it was found in queue for task.local
2026-05-11 17:37:55,281 ERROR scheduler Skipped queueing frappe.integrations.doctype.google_calendar.google_calendar.sync because it was found in queue for task.local
2026-05-11 17:37:55,285 ERROR scheduler Skipped queueing frappe.search.sqlite_search.build_index_if_not_exists because it was found in queue for task.local
2026-05-11 17:37:55,323 ERROR scheduler Skipped queueing frappe.model.utils.link_count.update_link_count because it was found in queue for task.local
2026-05-11 17:37:55,330 ERROR scheduler Skipped queueing frappe.email.queue.flush because it was found in queue for task.local
2026-05-11 17:37:55,346 ERROR scheduler Skipped queueing erpnext.accounts.doctype.gl_entry.gl_entry.rename_gle_sle_docs because it was found in queue for task.local
2026-05-11 17:38:55,413 ERROR scheduler Skipped queueing frappe.automation.doctype.reminder.reminder.send_reminders because it was found in queue for task.local
2026-05-11 17:38:55,532 ERROR scheduler Skipped queueing frappe.utils.telemetry.pulse.client.send_queued_events because it was found in queue for task.local
2026-05-12 18:38:11,880 ERROR scheduler Skipped queueing erpnext.projects.doctype.project.project.project_status_update_reminder because it was found in queue for task.local
2026-05-12 18:38:12,146 ERROR scheduler Skipped queueing erpnext.projects.doctype.project.project.collect_project_status because it was found in queue for task.local
2026-05-12 18:38:12,158 ERROR scheduler Skipped queueing frappe.website.doctype.web_page.web_page.check_publish_status because it was found in queue for task.local
2026-05-12 18:38:12,182 ERROR scheduler Skipped queueing frappe.core.doctype.prepared_report.prepared_report.expire_stalled_report because it was found in queue for task.local
2026-05-12 18:38:12,193 ERROR scheduler Skipped queueing frappe.twofactor.delete_all_barcodes_for_users because it was found in queue for task.local
2026-05-12 18:38:12,218 ERROR scheduler Skipped queueing frappe.desk.utils.delete_old_exported_report_files because it was found in queue for task.local
2026-05-12 18:38:12,222 ERROR scheduler Skipped queueing frappe.desk.form.document_follow.send_hourly_updates because it was found in queue for task.local
2026-05-12 18:38:12,227 ERROR scheduler Skipped queueing frappe.model.utils.user_settings.sync_user_settings because it was found in queue for task.local
2026-05-12 18:38:12,240 ERROR scheduler Skipped queueing erpnext.utilities.bulk_transaction.retry because it was found in queue for task.local
2026-05-12 18:38:12,262 ERROR scheduler Skipped queueing erpnext.erpnext_integrations.doctype.plaid_settings.plaid_settings.automatic_synchronization because it was found in queue for task.local
2026-05-12 18:38:12,271 ERROR scheduler Skipped queueing frappe.desk.page.backups.backups.delete_downloadable_backups because it was found in queue for task.local
2026-05-12 18:38:12,299 ERROR scheduler Skipped queueing erpnext.utilities.doctype.video.video.update_youtube_data because it was found in queue for task.local
2026-05-12 18:38:12,310 ERROR scheduler Skipped queueing frappe.website.doctype.personal_data_deletion_request.personal_data_deletion_request.process_data_deletion_request because it was found in queue for task.local
2026-05-13 00:00:41,879 ERROR scheduler Skipped queueing frappe.core.doctype.prepared_report.prepared_report.expire_stalled_report because it was found in queue for task.local
2026-05-13 00:00:42,323 ERROR scheduler Skipped queueing frappe.integrations.doctype.google_calendar.google_calendar.sync because it was found in queue for task.local
2026-05-13 00:00:42,330 ERROR scheduler Skipped queueing frappe.model.utils.user_settings.sync_user_settings because it was found in queue for task.local
2026-05-13 00:00:42,369 ERROR scheduler Skipped queueing erpnext.projects.doctype.project.project.project_status_update_reminder because it was found in queue for task.local
2026-05-13 00:00:42,374 ERROR scheduler Skipped queueing frappe.website.doctype.personal_data_deletion_request.personal_data_deletion_request.process_data_deletion_request because it was found in queue for task.local
2026-05-13 00:00:42,414 ERROR scheduler Skipped queueing erpnext.projects.doctype.project.project.collect_project_status because it was found in queue for task.local
2026-05-13 00:00:42,429 ERROR scheduler Skipped queueing frappe.desk.form.document_follow.send_hourly_updates because it was found in queue for task.local
2026-05-13 00:00:42,462 ERROR scheduler Skipped queueing frappe.desk.page.backups.backups.delete_downloadable_backups because it was found in queue for task.local
2026-05-13 00:00:42,469 ERROR scheduler Skipped queueing frappe.desk.utils.delete_old_exported_report_files because it was found in queue for task.local
2026-05-13 00:00:42,481 ERROR scheduler Skipped queueing frappe.website.doctype.web_page.web_page.check_publish_status because it was found in queue for task.local
2026-05-13 00:00:42,511 ERROR scheduler Skipped queueing erpnext.stock.doctype.repost_item_valuation.repost_item_valuation.repost_entries because it was found in queue for task.local
2026-05-13 00:00:42,519 ERROR scheduler Skipped queueing frappe.oauth.delete_oauth2_data because it was found in queue for task.local
2026-05-13 00:00:42,545 ERROR scheduler Skipped queueing erpnext.utilities.bulk_transaction.retry because it was found in queue for task.local
2026-05-13 00:00:42,555 ERROR scheduler Skipped queueing erpnext.utilities.doctype.video.video.update_youtube_data because it was found in queue for task.local
2026-05-13 00:00:42,560 ERROR scheduler Skipped queueing frappe.twofactor.delete_all_barcodes_for_users because it was found in queue for task.local
2026-05-13 00:00:42,588 ERROR scheduler Skipped queueing erpnext.erpnext_integrations.doctype.plaid_settings.plaid_settings.automatic_synchronization because it was found in queue for task.local
2026-05-13 00:01:42,625 ERROR scheduler Skipped queueing erpnext.support.doctype.service_level_agreement.service_level_agreement.check_agreement_status because it was found in queue for task.local
2026-05-13 00:01:42,637 ERROR scheduler Skipped queueing erpnext.buying.doctype.supplier_quotation.supplier_quotation.set_expired_status because it was found in queue for task.local
2026-05-13 00:01:42,647 ERROR scheduler Skipped queueing erpnext.crm.doctype.opportunity.opportunity.auto_close_opportunity because it was found in queue for task.local
2026-05-13 00:01:42,652 ERROR scheduler Skipped queueing erpnext.accounts.utils.run_ledger_health_checks because it was found in queue for task.local
2026-05-13 00:01:42,665 ERROR scheduler Skipped queueing frappe.automation.doctype.auto_repeat.auto_repeat.make_auto_repeat_entry because it was found in queue for task.local
2026-05-13 00:01:42,670 ERROR scheduler Skipped queueing erpnext.crm.doctype.email_campaign.email_campaign.set_email_campaign_status because it was found in queue for task.local
2026-05-13 00:01:42,673 ERROR scheduler Skipped queueing erpnext.accounts.doctype.process_subscription.process_subscription.create_subscription_process because it was found in queue for task.local
2026-05-13 00:01:42,677 ERROR scheduler Skipped queueing erpnext.assets.doctype.asset_maintenance_log.asset_maintenance_log.update_asset_maintenance_log_status because it was found in queue for task.local
2026-05-13 00:01:42,682 ERROR scheduler Skipped queueing erpnext.assets.doctype.asset.asset.update_maintenance_status because it was found in queue for task.local
2026-05-13 00:01:42,692 ERROR scheduler Skipped queueing erpnext.quality_management.doctype.quality_review.quality_review.review because it was found in queue for task.local
2026-05-13 00:01:42,702 ERROR scheduler Skipped queueing erpnext.accounts.doctype.fiscal_year.fiscal_year.auto_create_fiscal_year because it was found in queue for task.local
2026-05-13 00:01:42,707 ERROR scheduler Skipped queueing frappe.integrations.doctype.google_drive.google_drive.daily_backup because it was found in queue for task.local
2026-05-13 00:01:42,726 ERROR scheduler Skipped queueing erpnext.projects.doctype.task.task.set_tasks_as_overdue because it was found in queue for task.local
2026-05-13 00:01:42,729 ERROR scheduler Skipped queueing erpnext.selling.doctype.quotation.quotation.set_expired_status because it was found in queue for task.local
2026-05-13 00:01:42,732 ERROR scheduler Skipped queueing frappe.email.doctype.auto_email_report.auto_email_report.send_daily because it was found in queue for task.local
2026-05-13 00:01:42,756 ERROR scheduler Skipped queueing erpnext.setup.doctype.company.company.cache_companies_monthly_sales_history because it was found in queue for task.local
2026-05-13 00:01:42,762 ERROR scheduler Skipped queueing erpnext.crm.utils.open_leads_opportunities_based_on_todays_event because it was found in queue for task.local
2026-05-13 00:01:42,767 ERROR scheduler Skipped queueing erpnext.assets.doctype.asset.asset.make_post_gl_entry because it was found in queue for task.local
2026-05-13 00:01:42,773 ERROR scheduler Skipped queueing erpnext.stock.reorder_item.reorder_item because it was found in queue for task.local
2026-05-13 00:01:42,789 ERROR scheduler Skipped queueing erpnext.crm.doctype.contract.contract.update_status_for_contracts because it was found in queue for task.local
2026-05-13 00:01:42,799 ERROR scheduler Skipped queueing frappe.integrations.doctype.google_contacts.google_contacts.sync because it was found in queue for task.local
